first
English: Moeen
Italian: Zahra
Arabic: Mmd
Korean: Not Found
second
English: Not Found
Persian: Ali
Japanese: arman
third
Persian: Ali
Japanese: mahdi
fourth
Persian: arman
Japanese: Not Found
German: Zahra
Turkish: Not Found
fifth
Persian: Ali
Russian: Moeen
English: arman
Hindi: Mmd
sixth
Arabic: Not Found
Korean: Zahra
English: Not Found
seventh
Hindi: Not Found
English: Not Found
Persian: Not Found
Italian: Not Found
eighth
Hindi: arman
Russian: Mmd
French: Alireza
ninth
Russian: Moeen
tenth
Russian: Moeen
Italian: Zahra
French: Mmd
